#-----------------------------------------------------------
# Vivado v2020.2 (64-bit)
# SW Build 3064766 on Wed Nov 18 09:12:45 MST 2020
# IP Build 3064653 on Wed Nov 18 14:17:31 MST 2020
# Start of session at: Tue Apr 27 18:47:48 2021
# Process ID: 5944
# Current directory: C:/Users/PC/Documents/VUT/Digitlnelektronika1/Cvika/Digital-electronics-1-Project/Door lock system
# Command line: vivado.exe -gui_launcher_event rodinguilauncherevent10372 C:\Users\PC\Documents\VUT\Digitlnelektronika1\Cvika\Digital-electronics-1-Project\Door lock system\Door lock system.xpr
# Log file: C:/Users/PC/Documents/VUT/Digitlnelektronika1/Cvika/Digital-electronics-1-Project/Door lock system/vivado.log
# Journal file: C:/Users/PC/Documents/VUT/Digitlnelektronika1/Cvika/Digital-electronics-1-Project/Door lock system\vivado.jou
#-----------------------------------------------------------
start_gui
open_project {C:/Users/PC/Documents/VUT/Digitlnelektronika1/Cvika/Digital-electronics-1-Project/Door lock system/Door lock system.xpr}
update_compile_order -fileset sources_1
launch_simulation
source tb_display_control.tcl
close [ open {C:/Users/PC/Documents/VUT/Digitlnelektronika1/Cvika/Digital-electronics-1-Project/Door lock system/Door lock system.srcs/sources_1/new/top.vhd} w ]
add_files {{C:/Users/PC/Documents/VUT/Digitlnelektronika1/Cvika/Digital-electronics-1-Project/Door lock system/Door lock system.srcs/sources_1/new/top.vhd}}
update_compile_order -fileset sources_1
close [ open {C:/Users/PC/Documents/VUT/Digitlnelektronika1/Cvika/Digital-electronics-1-Project/Door lock system/Door lock system.srcs/sources_1/new/door_lock_system.vhd} w ]
add_files {{C:/Users/PC/Documents/VUT/Digitlnelektronika1/Cvika/Digital-electronics-1-Project/Door lock system/Door lock system.srcs/sources_1/new/door_lock_system.vhd}}
update_compile_order -fileset sources_1
close_sim
launch_simulation
source tb_display_control.tcl
update_compile_order -fileset sources_1
update_compile_order -fileset sources_1
update_compile_order -fileset sources_1
set_property SOURCE_SET sources_1 [get_filesets sim_1]
close [ open {C:/Users/PC/Documents/VUT/Digitlnelektronika1/Cvika/Digital-electronics-1-Project/Door lock system/Door lock system.srcs/sim_1/new/tb_door_lock_system.vhd} w ]
add_files -fileset sim_1 {{C:/Users/PC/Documents/VUT/Digitlnelektronika1/Cvika/Digital-electronics-1-Project/Door lock system/Door lock system.srcs/sim_1/new/tb_door_lock_system.vhd}}
update_compile_order -fileset sim_1
# Disabling source management mode.  This is to allow the top design properties to be set without GUI intervention.
set_property source_mgmt_mode None [current_project]
set_property top tb_door_lock_system [get_filesets sim_1]
set_property top_lib xil_defaultlib [get_filesets sim_1]
# Re-enabling previously disabled source management mode.
set_property source_mgmt_mode All [current_project]
update_compile_order -fileset sim_1
launch_simulation
close_sim
launch_simulation
source tb_door_lock_system.tcl
# Disabling source management mode.  This is to allow the top design properties to be set without GUI intervention.
set_property source_mgmt_mode None [current_project]
set_property top tb_display_control [get_filesets sim_1]
set_property top_lib xil_defaultlib [get_filesets sim_1]
# Re-enabling previously disabled source management mode.
set_property source_mgmt_mode All [current_project]
update_compile_order -fileset sim_1
launch_simulation
close_sim
launch_simulation
source tb_display_control.tcl
# Disabling source management mode.  This is to allow the top design properties to be set without GUI intervention.
set_property source_mgmt_mode None [current_project]
set_property top tb_door_lock_system [get_filesets sim_1]
set_property top_lib xil_defaultlib [get_filesets sim_1]
# Re-enabling previously disabled source management mode.
set_property source_mgmt_mode All [current_project]
update_compile_order -fileset sim_1
close_sim
launch_simulation
source tb_door_lock_system.tcl
close_sim
launch_simulation
source tb_door_lock_system.tcl
close_sim
launch_simulation
source tb_door_lock_system.tcl
close_sim
