#-----------------------------------------------------------
# Webtalk v2020.2 (64-bit)
# SW Build 3064766 on Wed Nov 18 09:12:45 MST 2020
# IP Build 3064653 on Wed Nov 18 14:17:31 MST 2020
# Start of session at: Sat Mar  6 22:02:56 2021
# Process ID: 11732
# Current directory: D:/School/DE1/Digital-electronics-1/Labs/04-segment/display/display.sim/sim_1/behav/xsim
# Command line: wbtcv.exe -mode batch -source D:/School/DE1/Digital-electronics-1/Labs/04-segment/display/display.sim/sim_1/behav/xsim/xsim.dir/tb_top_behav/webtalk/xsim_webtalk.tcl -notrace
# Log file: D:/School/DE1/Digital-electronics-1/Labs/04-segment/display/display.sim/sim_1/behav/xsim/webtalk.log
# Journal file: D:/School/DE1/Digital-electronics-1/Labs/04-segment/display/display.sim/sim_1/behav/xsim\webtalk.jou
#-----------------------------------------------------------
source D:/School/DE1/Digital-electronics-1/Labs/04-segment/display/display.sim/sim_1/behav/xsim/xsim.dir/tb_top_behav/webtalk/xsim_webtalk.tcl -notrace
